
There are no discarded input sections

Memory Configuration

Name             Origin             Length             Attributes
flash            0x08000000         0x00020000         xr
sram             0x20000000         0x00005000         xrw
*default*        0x00000000         0xffffffff

Linker script and memory map


.text           0x08000000       0xac
 *(.vectors*)
 .vectors       0x08000000       0x18 startup.o
                0x08000000                vectors
 *(.text*)
 .text          0x08000018       0x7c app.o
                0x08000018                main
 .text          0x08000094       0x18 startup.o
                0x08000094                Reset_Handler
                0x080000a0                MM_Fault_Handler
                0x080000a0                Bus_Fault
                0x080000a0                Default_Handler
                0x080000a0                H_fault_Handler
                0x080000a0                Usage_Fault_Handler
                0x080000a0                NMI_Handler

.data           0x080000ac        0x0
 .data          0x080000ac        0x0 app.o
 .data          0x080000ac        0x0 startup.o

.igot.plt       0x080000ac        0x0
 .igot.plt      0x080000ac        0x0 startup.o

.glue_7         0x080000ac        0x0
 .glue_7        0x080000ac        0x0 linker stubs

.glue_7t        0x080000ac        0x0
 .glue_7t       0x080000ac        0x0 linker stubs

.vfp11_veneer   0x080000ac        0x0
 .vfp11_veneer  0x080000ac        0x0 linker stubs

.v4_bx          0x080000ac        0x0
 .v4_bx         0x080000ac        0x0 linker stubs

.iplt           0x080000ac        0x0
 .iplt          0x080000ac        0x0 startup.o

.rodata         0x080000ac       0x14
 .rodata        0x080000ac       0x14 app.o
                0x080000ac                arr

.rel.dyn        0x080000c0        0x0
 .rel.iplt      0x080000c0        0x0 startup.o

.bss            0x20000000        0x0
 *(.bss*)
 .bss           0x20000000        0x0 app.o
 .bss           0x20000000        0x0 startup.o
LOAD app.o
LOAD startup.o
OUTPUT(app.elf elf32-littlearm)
LOAD linker stubs

.debug_info     0x00000000      0x191
 .debug_info    0x00000000       0xae app.o
 .debug_info    0x000000ae       0xe3 startup.o

.debug_abbrev   0x00000000      0x13a
 .debug_abbrev  0x00000000       0x95 app.o
 .debug_abbrev  0x00000095       0xa5 startup.o

.debug_loc      0x00000000       0x90
 .debug_loc     0x00000000       0x38 app.o
 .debug_loc     0x00000038       0x58 startup.o

.debug_aranges  0x00000000       0x40
 .debug_aranges
                0x00000000       0x20 app.o
 .debug_aranges
                0x00000020       0x20 startup.o

.debug_line     0x00000000      0x1a1
 .debug_line    0x00000000       0x7e app.o
 .debug_line    0x0000007e      0x123 startup.o

.debug_str      0x00000000      0x129
 .debug_str     0x00000000      0x129 app.o
                                 0xab (size before relaxing)
 .debug_str     0x00000129      0x160 startup.o

.comment        0x00000000       0x44
 .comment       0x00000000       0x44 app.o
                                 0x45 (size before relaxing)
 .comment       0x00000044       0x45 startup.o

.ARM.attributes
                0x00000000       0x2d
 .ARM.attributes
                0x00000000       0x2d app.o
 .ARM.attributes
                0x0000002d       0x2d startup.o

.debug_frame    0x00000000       0x74
 .debug_frame   0x00000000       0x2c app.o
 .debug_frame   0x0000002c       0x48 startup.o
